This is pdfTeX, Version 3.141592653-2.6-1.40.24 (TeX Live 2022/CVE-2023-32700 patched) (preloaded format=pdflatex-dev 2024.4.6)  9 MAY 2024 10:04
entering extended mode
 restricted \write18 enabled.
 %&-line parsing enabled.
**cuartaParte/test.tex
(./cuartaParte/test.tex
LaTeX2e <2022-06-01> patch level 5
L3 programming layer <2022-12-17>
(/usr/share/texlive/texmf-dist/tex/latex/base/article.cls
Document Class: article 2021/10/04 v1.4n Standard LaTeX document class
(/usr/share/texlive/texmf-dist/tex/latex/base/size12.clo
File: size12.clo 2021/10/04 v1.4n Standard LaTeX file (size option)
)
\c@part=\count185
\c@section=\count186
\c@subsection=\count187
\c@subsubsection=\count188
\c@paragraph=\count189
\c@subparagraph=\count190
\c@figure=\count191
\c@table=\count192
\abovecaptionskip=\skip47
\belowcaptionskip=\skip48
\bibindent=\dimen140
)
Runaway argument?
{
! Paragraph ended before \set@fontsize was complete.
<to be read again> 
                   \par 
l.4 
    
? ^^[^^[
Type <return> to proceed, S to scroll future error messages,
R to run without stopping, Q to run quietly,
I to insert something, E to edit your file,
1 or ... or 9 to ignore the next 1 to 9 tokens of input,
H for help, X to quit.
? 
! Emergency stop.
<to be read again> 
                   \par 
l.4 
    
End of file on the terminal!

 
Here is how much of TeX's memory you used:
 229 strings out of 478228
 2925 string characters out of 5846042
 1848793 words of memory out of 6000000
 20275 multiletter control sequences out of 15000+600000
 512585 words of font info for 33 fonts, out of 8000000 for 9000
 14 hyphenation exceptions out of 8191
 33i,0n,38p,146b,36s stack positions out of 10000i,1000n,20000p,200000b,200000s
!  ==> Fatal error occurred, no output PDF file produced!
